// Jest Snapshot v1, https://goo.gl/fbAQLP

exports[`renders correctly 1`] = `
<div
  className="container"
>
  <div
    className="row"
  >
    <div
      className="form-container col-sm-12 col-xl-6"
    >
      <form
        onSubmit={[Function]}
      >
        <h3>
          Login:
        </h3>
        <label
          htmlFor="loginUsernameInput"
        >
          Username:
        </label>
        <input
          id="loginUsernameInput"
          name="loginUsername"
          onChange={[Function]}
          required={true}
          type="text"
          value=""
        />
        <br />
        <label
          htmlFor="loginPasswordInput"
        >
          Password:
        </label>
        <input
          id="loginPasswordInput"
          name="loginPassword"
          onChange={[Function]}
          required={true}
          type="password"
          value=""
        />
        <button>
          Login
        </button>
      </form>
    </div>
    <div
      className="form-container col-sm-12 col-xl-6"
    >
      <form
        onSubmit={[Function]}
      >
        <h3>
          New User:
        </h3>
        <label
          htmlFor="createUsernameInput"
        >
          Username:
        </label>
        <input
          id="createUsernameInput"
          name="createUsername"
          onChange={[Function]}
          required={true}
          type="text"
          value=""
        />
        <br />
        <label
          htmlFor="createPasswordInput"
        >
          Password:
        </label>
        <input
          id="createPasswordInput"
          name="createPassword"
          onChange={[Function]}
          required={true}
          type="password"
          value=""
        />
        <br />
        <label
          htmlFor="createPasswordVerify"
        >
          VerifyPassword:
        </label>
        <input
          id="createPasswordVerifyInput"
          name="createPasswordVerify"
          onChange={[Function]}
          required={true}
          type="password"
          value=""
        />
        <button>
          Create User
        </button>
      </form>
    </div>
  </div>
</div>
`;
